// Jest Snapshot v1, https://goo.gl/fbAQLP

exports[`prueba de <App> debe hacer match con el snapshot 1`] = `
<div>
  <h1
    data-testid="test-title"
  >
    Hola, soy Goku
  </h1>
  <h2>
    NO hay subtitulo
  </h2>
  <h2>
    NO hay subtitulo
  </h2>
  <p>
    Soy un subtitulo
  </p>
</div>
`;
